{"phase": "tuning", "treatment": "dense6", "lr": 0.0001, "seed": 1701, "validation_ce": 0.20743843913078308, "seconds": 0.9302367500495166}
{"phase": "tuning", "treatment": "dense6", "lr": 0.0001, "seed": 1702, "validation_ce": 0.22016462683677673, "seconds": 0.8846684999298304}
{"phase": "tuning", "treatment": "dense6", "lr": 0.0003, "seed": 1701, "validation_ce": 0.15959060192108154, "seconds": 0.8757437500171363}
{"phase": "tuning", "treatment": "dense6", "lr": 0.0003, "seed": 1702, "validation_ce": 0.16827361285686493, "seconds": 0.8431286658160388}
{"phase": "tuning", "treatment": "dense6", "lr": 0.001, "seed": 1701, "validation_ce": 0.17251580953598022, "seconds": 0.8676996659487486}
{"phase": "tuning", "treatment": "dense6", "lr": 0.001, "seed": 1702, "validation_ce": 0.15739908814430237, "seconds": 0.8493410828523338}
{"phase": "tuning", "treatment": "dense6", "lr": 0.003, "seed": 1701, "validation_ce": 0.22869956493377686, "seconds": 0.8496791671495885}
{"phase": "tuning", "treatment": "dense6", "lr": 0.003, "seed": 1702, "validation_ce": 0.25027239322662354, "seconds": 0.8450962081551552}
{"phase": "tuning", "treatment": "dense6", "lr": 0.01, "seed": 1701, "validation_ce": 0.2383941411972046, "seconds": 0.8603922089096159}
{"phase": "tuning", "treatment": "dense6", "lr": 0.01, "seed": 1702, "validation_ce": 0.2689400613307953, "seconds": 0.847273166058585}
{"phase": "tuning", "treatment": "constant_ild", "lr": 0.0001, "seed": 1701, "validation_ce": 0.21229857206344604, "seconds": 0.9805069169960916}
{"phase": "tuning", "treatment": "constant_ild", "lr": 0.0001, "seed": 1702, "validation_ce": 0.2302856296300888, "seconds": 0.9908310419414192}
{"phase": "tuning", "treatment": "constant_ild", "lr": 0.0003, "seed": 1701, "validation_ce": 0.1504240483045578, "seconds": 0.9686952501069754}
{"phase": "tuning", "treatment": "constant_ild", "lr": 0.0003, "seed": 1702, "validation_ce": 0.15875916182994843, "seconds": 0.9191625418607146}
{"phase": "tuning", "treatment": "constant_ild", "lr": 0.001, "seed": 1701, "validation_ce": 0.17089520394802094, "seconds": 0.9213606249541044}
{"phase": "tuning", "treatment": "constant_ild", "lr": 0.001, "seed": 1702, "validation_ce": 0.15271076560020447, "seconds": 0.9249180001206696}
{"phase": "tuning", "treatment": "constant_ild", "lr": 0.003, "seed": 1701, "validation_ce": 0.2437809407711029, "seconds": 0.9786726660095155}
{"phase": "tuning", "treatment": "constant_ild", "lr": 0.003, "seed": 1702, "validation_ce": 0.23419809341430664, "seconds": 1.0214401669800282}
{"phase": "tuning", "treatment": "constant_ild", "lr": 0.01, "seed": 1701, "validation_ce": 0.2958361804485321, "seconds": 1.0359069579280913}
{"phase": "tuning", "treatment": "constant_ild", "lr": 0.01, "seed": 1702, "validation_ce": 0.2493075281381607, "seconds": 1.0236484580673277}
{"phase": "tuning", "treatment": "decreasing_ild", "lr": 0.0001, "seed": 1701, "validation_ce": 0.22402235865592957, "seconds": 0.9695246249902993}
{"phase": "tuning", "treatment": "decreasing_ild", "lr": 0.0001, "seed": 1702, "validation_ce": 0.2407570481300354, "seconds": 0.9261964578181505}
{"phase": "tuning", "treatment": "decreasing_ild", "lr": 0.0003, "seed": 1701, "validation_ce": 0.154375821352005, "seconds": 0.8997415420599282}
{"phase": "tuning", "treatment": "decreasing_ild", "lr": 0.0003, "seed": 1702, "validation_ce": 0.16430315375328064, "seconds": 0.9799029580317438}
{"phase": "tuning", "treatment": "decreasing_ild", "lr": 0.001, "seed": 1701, "validation_ce": 0.17639167606830597, "seconds": 0.7828054169658571}
{"phase": "tuning", "treatment": "decreasing_ild", "lr": 0.001, "seed": 1702, "validation_ce": 0.16522358357906342, "seconds": 0.7489143339917064}
{"phase": "tuning", "treatment": "decreasing_ild", "lr": 0.003, "seed": 1701, "validation_ce": 0.25431472063064575, "seconds": 0.7470128329005092}
{"phase": "tuning", "treatment": "decreasing_ild", "lr": 0.003, "seed": 1702, "validation_ce": 0.23310087621212006, "seconds": 0.7475468751508743}
{"phase": "tuning", "treatment": "decreasing_ild", "lr": 0.01, "seed": 1701, "validation_ce": 0.2921851575374603, "seconds": 0.75174391688779}
{"phase": "tuning", "treatment": "decreasing_ild", "lr": 0.01, "seed": 1702, "validation_ce": 0.2237318903207779, "seconds": 0.752096249954775}
{"phase": "tuning", "treatment": "dense3", "lr": 0.0001, "seed": 1701, "validation_ce": 0.2583465576171875, "seconds": 0.4025595828425139}
{"phase": "tuning", "treatment": "dense3", "lr": 0.0001, "seed": 1702, "validation_ce": 0.2634231746196747, "seconds": 0.39912433293648064}
{"phase": "tuning", "treatment": "dense3", "lr": 0.0003, "seed": 1701, "validation_ce": 0.15944688022136688, "seconds": 0.4013092089444399}
{"phase": "tuning", "treatment": "dense3", "lr": 0.0003, "seed": 1702, "validation_ce": 0.17193685472011566, "seconds": 0.3946600421331823}
{"phase": "tuning", "treatment": "dense3", "lr": 0.001, "seed": 1701, "validation_ce": 0.1714448183774948, "seconds": 0.43114845803938806}
{"phase": "tuning", "treatment": "dense3", "lr": 0.001, "seed": 1702, "validation_ce": 0.18434976041316986, "seconds": 0.4697481670882553}
{"phase": "tuning", "treatment": "dense3", "lr": 0.003, "seed": 1701, "validation_ce": 0.21702584624290466, "seconds": 0.5074081670027226}
{"phase": "tuning", "treatment": "dense3", "lr": 0.003, "seed": 1702, "validation_ce": 0.2239801585674286, "seconds": 0.4887889160308987}
{"phase": "tuning", "treatment": "dense3", "lr": 0.01, "seed": 1701, "validation_ce": 0.3514920473098755, "seconds": 0.4950796249322593}
{"phase": "tuning", "treatment": "dense3", "lr": 0.01, "seed": 1702, "validation_ce": 0.2320648729801178, "seconds": 0.4851131250616163}
{"phase": "evaluation", "treatment": "dense6", "seed": 2701, "test_ce": 0.08402852714061737, "test_accuracy": 0.9833333492279053, "seconds": 0.8379177500028163}
{"phase": "evaluation", "treatment": "constant_ild", "seed": 2701, "test_ce": 0.0846405029296875, "test_accuracy": 0.9833333492279053, "seconds": 0.8859457077924162}
{"phase": "evaluation", "treatment": "decreasing_ild", "seed": 2701, "test_ce": 0.08434834331274033, "test_accuracy": 0.9833333492279053, "seconds": 0.8971186671406031}
{"phase": "evaluation", "treatment": "dense3", "seed": 2701, "test_ce": 0.08545681834220886, "test_accuracy": 0.980555534362793, "seconds": 0.4835459589958191}
{"phase": "evaluation", "treatment": "dense6", "seed": 2702, "test_ce": 0.07371204346418381, "test_accuracy": 0.9833333492279053, "seconds": 0.8428234159946442}
{"phase": "evaluation", "treatment": "constant_ild", "seed": 2702, "test_ce": 0.08074957877397537, "test_accuracy": 0.980555534362793, "seconds": 0.8825805839151144}
{"phase": "evaluation", "treatment": "decreasing_ild", "seed": 2702, "test_ce": 0.08246777951717377, "test_accuracy": 0.9833333492279053, "seconds": 0.8956812079995871}
{"phase": "evaluation", "treatment": "dense3", "seed": 2702, "test_ce": 0.0822758674621582, "test_accuracy": 0.9861111044883728, "seconds": 0.4908649171702564}
{"phase": "evaluation", "treatment": "dense6", "seed": 2703, "test_ce": 0.08431952446699142, "test_accuracy": 0.9833333492279053, "seconds": 0.8531620418652892}
{"phase": "evaluation", "treatment": "constant_ild", "seed": 2703, "test_ce": 0.08292283117771149, "test_accuracy": 0.9833333492279053, "seconds": 0.8904092919547111}
{"phase": "evaluation", "treatment": "decreasing_ild", "seed": 2703, "test_ce": 0.08399306237697601, "test_accuracy": 0.980555534362793, "seconds": 0.9036514160688967}
{"phase": "evaluation", "treatment": "dense3", "seed": 2703, "test_ce": 0.09289876371622086, "test_accuracy": 0.9777777791023254, "seconds": 0.49455599999055266}
{"phase": "evaluation", "treatment": "dense6", "seed": 2704, "test_ce": 0.07510477304458618, "test_accuracy": 0.9833333492279053, "seconds": 0.9175490830093622}
{"phase": "evaluation", "treatment": "constant_ild", "seed": 2704, "test_ce": 0.07004669308662415, "test_accuracy": 0.9833333492279053, "seconds": 0.9105382920242846}
{"phase": "evaluation", "treatment": "decreasing_ild", "seed": 2704, "test_ce": 0.07277961075305939, "test_accuracy": 0.9833333492279053, "seconds": 0.9149256669916213}
{"phase": "evaluation", "treatment": "dense3", "seed": 2704, "test_ce": 0.07760393619537354, "test_accuracy": 0.9861111044883728, "seconds": 0.4964344999752939}
{"phase": "evaluation", "treatment": "dense6", "seed": 2705, "test_ce": 0.08263567835092545, "test_accuracy": 0.9833333492279053, "seconds": 0.8533974168822169}
{"phase": "evaluation", "treatment": "constant_ild", "seed": 2705, "test_ce": 0.073486328125, "test_accuracy": 0.9833333492279053, "seconds": 0.9246860831044614}
{"phase": "evaluation", "treatment": "decreasing_ild", "seed": 2705, "test_ce": 0.076194167137146, "test_accuracy": 0.9833333492279053, "seconds": 0.9265371670480818}
{"phase": "evaluation", "treatment": "dense3", "seed": 2705, "test_ce": 0.07570994645357132, "test_accuracy": 0.9861111044883728, "seconds": 0.4887807499617338}
{"completed": true, "wall_seconds": 48.28029250004329, "primary": [{"treatment": "constant_ild", "reference": "dense6", "retained_depth": 4, "mask_group": "prefix", "metric": "excess_ce", "difference": {"n": 5, "mean": -0.0658923178911209, "low": -0.08439316255084656, "high": -0.047391473231395254, "std": 0.014900041143569928}, "seed_differences": [-0.06449133157730103, -0.08898423612117767, -0.061385080218315125, -0.04768562316894531, -0.06691531836986542], "interpretation": "Treatment minus dense6 at same retained depth"}, {"treatment": "decreasing_ild", "reference": "dense6", "retained_depth": 4, "mask_group": "prefix", "metric": "excess_ce", "difference": {"n": 5, "mean": -0.06770565509796142, "low": -0.08579479580561439, "high": -0.04961651439030845, "std": 0.014568466778308248}, "seed_differences": [-0.06562872231006622, -0.09037173539400101, -0.06267841160297394, -0.050319068133831024, -0.06953033804893494], "interpretation": "Treatment minus dense6 at same retained depth"}]}
