{"phase": "tuning", "treatment": "dense6", "lr": 0.001, "seed": 1701, "validation_ce": 0.17251580953598022, "seconds": 0.9481889170128852}
{"phase": "tuning", "treatment": "dense6", "lr": 0.001, "seed": 1702, "validation_ce": 0.15739908814430237, "seconds": 0.9358872917946428}
{"phase": "tuning", "treatment": "dense6", "lr": 0.003, "seed": 1701, "validation_ce": 0.22869956493377686, "seconds": 0.945671958848834}
{"phase": "tuning", "treatment": "dense6", "lr": 0.003, "seed": 1702, "validation_ce": 0.25027239322662354, "seconds": 0.9014876671135426}
{"phase": "tuning", "treatment": "dense6", "lr": 0.01, "seed": 1701, "validation_ce": 0.2383941411972046, "seconds": 0.9090444170869887}
{"phase": "tuning", "treatment": "dense6", "lr": 0.01, "seed": 1702, "validation_ce": 0.2689400613307953, "seconds": 0.8721236248966306}
{"phase": "tuning", "treatment": "constant_ild", "lr": 0.001, "seed": 1701, "validation_ce": 0.17089520394802094, "seconds": 0.957707165973261}
{"phase": "tuning", "treatment": "constant_ild", "lr": 0.001, "seed": 1702, "validation_ce": 0.15271076560020447, "seconds": 0.9378601249773055}
{"phase": "tuning", "treatment": "constant_ild", "lr": 0.003, "seed": 1701, "validation_ce": 0.2437809407711029, "seconds": 0.9456827081739902}
{"phase": "tuning", "treatment": "constant_ild", "lr": 0.003, "seed": 1702, "validation_ce": 0.23419809341430664, "seconds": 0.9297287908848375}
{"phase": "tuning", "treatment": "constant_ild", "lr": 0.01, "seed": 1701, "validation_ce": 0.2958361804485321, "seconds": 0.9431861669290811}
{"phase": "tuning", "treatment": "constant_ild", "lr": 0.01, "seed": 1702, "validation_ce": 0.2493075281381607, "seconds": 0.9316786250565201}
{"phase": "tuning", "treatment": "decreasing_ild", "lr": 0.001, "seed": 1701, "validation_ce": 0.17639167606830597, "seconds": 0.9459503339603543}
{"phase": "tuning", "treatment": "decreasing_ild", "lr": 0.001, "seed": 1702, "validation_ce": 0.16522358357906342, "seconds": 0.9705872919876128}
{"phase": "tuning", "treatment": "decreasing_ild", "lr": 0.003, "seed": 1701, "validation_ce": 0.25431472063064575, "seconds": 1.0112863751128316}
{"phase": "tuning", "treatment": "decreasing_ild", "lr": 0.003, "seed": 1702, "validation_ce": 0.23310087621212006, "seconds": 1.01584175019525}
{"phase": "tuning", "treatment": "decreasing_ild", "lr": 0.01, "seed": 1701, "validation_ce": 0.2921851575374603, "seconds": 0.9869044169317931}
{"phase": "tuning", "treatment": "decreasing_ild", "lr": 0.01, "seed": 1702, "validation_ce": 0.2237318903207779, "seconds": 1.0267821250017732}
{"phase": "tuning", "treatment": "dense3", "lr": 0.001, "seed": 1701, "validation_ce": 0.1714448183774948, "seconds": 0.5722230409737676}
{"phase": "tuning", "treatment": "dense3", "lr": 0.001, "seed": 1702, "validation_ce": 0.18434976041316986, "seconds": 0.5563666250091046}
{"phase": "tuning", "treatment": "dense3", "lr": 0.003, "seed": 1701, "validation_ce": 0.21702584624290466, "seconds": 0.5689062499441206}
{"phase": "tuning", "treatment": "dense3", "lr": 0.003, "seed": 1702, "validation_ce": 0.2239801585674286, "seconds": 0.5612092919182032}
{"phase": "tuning", "treatment": "dense3", "lr": 0.01, "seed": 1701, "validation_ce": 0.3514920473098755, "seconds": 0.5676660831086338}
{"phase": "tuning", "treatment": "dense3", "lr": 0.01, "seed": 1702, "validation_ce": 0.2320648729801178, "seconds": 0.5443108340259641}
{"phase": "evaluation", "treatment": "dense6", "seed": 2701, "test_ce": 0.08089509606361389, "test_accuracy": 0.980555534362793, "seconds": 0.8398008749354631}
{"phase": "evaluation", "treatment": "constant_ild", "seed": 2701, "test_ce": 0.0873713344335556, "test_accuracy": 0.980555534362793, "seconds": 0.9013162499759346}
{"phase": "evaluation", "treatment": "decreasing_ild", "seed": 2701, "test_ce": 0.08827252686023712, "test_accuracy": 0.980555534362793, "seconds": 0.8856840000953525}
{"phase": "evaluation", "treatment": "dense3", "seed": 2701, "test_ce": 0.07850676029920578, "test_accuracy": 0.9777777791023254, "seconds": 0.5041565001010895}
{"phase": "evaluation", "treatment": "dense6", "seed": 2702, "test_ce": 0.06675244122743607, "test_accuracy": 0.9861111044883728, "seconds": 0.8462097919546068}
{"phase": "evaluation", "treatment": "constant_ild", "seed": 2702, "test_ce": 0.09088756889104843, "test_accuracy": 0.980555534362793, "seconds": 0.9075266250874847}
{"phase": "evaluation", "treatment": "decreasing_ild", "seed": 2702, "test_ce": 0.08436381816864014, "test_accuracy": 0.9833333492279053, "seconds": 0.8943214169703424}
{"phase": "evaluation", "treatment": "dense3", "seed": 2702, "test_ce": 0.07961217314004898, "test_accuracy": 0.9861111044883728, "seconds": 0.5184728750027716}
{"phase": "evaluation", "treatment": "dense6", "seed": 2703, "test_ce": 0.08691342175006866, "test_accuracy": 0.9861111044883728, "seconds": 0.8393844589591026}
{"phase": "evaluation", "treatment": "constant_ild", "seed": 2703, "test_ce": 0.08403199166059494, "test_accuracy": 0.9861111044883728, "seconds": 0.9183709581848234}
{"phase": "evaluation", "treatment": "decreasing_ild", "seed": 2703, "test_ce": 0.08041616529226303, "test_accuracy": 0.9861111044883728, "seconds": 0.8910162078682333}
{"phase": "evaluation", "treatment": "dense3", "seed": 2703, "test_ce": 0.08419781923294067, "test_accuracy": 0.980555534362793, "seconds": 0.5425912910141051}
{"phase": "evaluation", "treatment": "dense6", "seed": 2704, "test_ce": 0.06875092536211014, "test_accuracy": 0.9861111044883728, "seconds": 0.8809962500818074}
{"phase": "evaluation", "treatment": "constant_ild", "seed": 2704, "test_ce": 0.0698758214712143, "test_accuracy": 0.9861111044883728, "seconds": 0.9061116669327021}
{"phase": "evaluation", "treatment": "decreasing_ild", "seed": 2704, "test_ce": 0.06558313965797424, "test_accuracy": 0.9888888597488403, "seconds": 0.9051790831144899}
{"phase": "evaluation", "treatment": "dense3", "seed": 2704, "test_ce": 0.06810227781534195, "test_accuracy": 0.9861111044883728, "seconds": 0.49722320795990527}
{"phase": "evaluation", "treatment": "dense6", "seed": 2705, "test_ce": 0.0690537840127945, "test_accuracy": 0.9833333492279053, "seconds": 0.8400657919701189}
{"phase": "evaluation", "treatment": "constant_ild", "seed": 2705, "test_ce": 0.062049154192209244, "test_accuracy": 0.9861111044883728, "seconds": 0.9124678331427276}
{"phase": "evaluation", "treatment": "decreasing_ild", "seed": 2705, "test_ce": 0.06755255907773972, "test_accuracy": 0.980555534362793, "seconds": 0.9263004579115659}
{"phase": "evaluation", "treatment": "dense3", "seed": 2705, "test_ce": 0.05835520848631859, "test_accuracy": 0.9861111044883728, "seconds": 0.5189240409526974}
{"completed": true, "wall_seconds": 37.49343187501654, "primary": [{"treatment": "constant_ild", "reference": "dense6", "retained_depth": 4, "mask_group": "prefix", "metric": "excess_ce", "difference": {"n": 5, "mean": -0.016403389722108842, "low": -0.024755260878943565, "high": -0.008051518565274121, "std": 0.00672635364230325}, "seed_differences": [-0.018118172883987427, -0.027086086571216583, -0.010979928076267242, -0.01066000759601593, -0.015172753483057022], "interpretation": "Treatment minus dense6 at same retained depth"}, {"treatment": "decreasing_ild", "reference": "dense6", "retained_depth": 4, "mask_group": "prefix", "metric": "excess_ce", "difference": {"n": 5, "mean": -0.014166606962680817, "low": -0.021500916276927275, "high": -0.00683229764843436, "std": 0.0059068389877265665}, "seed_differences": [-0.015683501958847046, -0.022811345756053925, -0.008133165538311005, -0.009135432541370392, -0.015069589018821716], "interpretation": "Treatment minus dense6 at same retained depth"}]}
